ARM Linker, 4.1 [Build 791] [Standard]

==============================================================================

Section Cross References

    startup_stm32f10x_hd.o(RESET) refers to startup_stm32f10x_hd.o(STACK) for __initial_sp
    startup_stm32f10x_hd.o(RESET) refers to startup_stm32f10x_hd.o(.text) for Reset_Handler
    startup_stm32f10x_hd.o(RESET) refers to stm32f10x_it.o(.text) for NMI_Handler
    startup_stm32f10x_hd.o(RESET) refers to systick.o(.text) for SysTick_Handler
    startup_stm32f10x_hd.o(RESET) refers to usart.o(.text) for USART1_IRQHandler
    startup_stm32f10x_hd.o(.text) refers to system_stm32f10x.o(.text) for SystemInit
    startup_stm32f10x_hd.o(.text) refers to entry.o(.ARM.Collect$$$$00000000) for __main
    main.o(.text) refers to iclean.o(.text) for init_sys
    main.o(.text) refers to bsp.o(.text) for Periph_Init
    main.o(.text) refers to usart.o(.text) for usartx_init
    main.o(.text) refers to motor.o(.text) for timer1_pwm_init
    main.o(.text) refers to systick.o(.text) for SysTick_Init
    main.o(.text) refers to iclean.o(.data) for sys
    stm32f10x_it.o(.text) refers to stm32f10x_dma.o(.text) for DMA_GetITStatus
    stm32f10x_it.o(.text) refers to stm32f10x_exti.o(.text) for EXTI_GetITStatus
    stm32f10x_it.o(.text) refers to stm32f10x_gpio.o(.text) for GPIO_ReadInputDataBit
    stm32f10x_it.o(.text) refers to usart.o(.text) for log_printf
    stm32f10x_it.o(.text) refers to stm32f10x_tim.o(.text) for TIM_ClearITPendingBit
    stm32f10x_it.o(.text) refers to motor.o(.text) for motor_run
    stm32f10x_it.o(.text) refers to pid.o(.text) for calc_pid
    stm32f10x_it.o(.text) refers to stm32f10x_adc.o(.text) for ADC_GetITStatus
    stm32f10x_it.o(.text) refers to iclean.o(.data) for sys
    stm32f10x_it.o(.text) refers to stm32f10x_it.o(.data) for tmrCCR1
    stm32f10x_it.o(.text) refers to pid.o(.bss) for lPid
    systick.o(.text) refers to system_stm32f10x.o(.data) for SystemCoreClock
    systick.o(.text) refers to systick.o(.data) for msTmr
    systick.o(.text) refers to iclean.o(.data) for sys
    usart.o(.text) refers to stm32f10x_usart.o(.text) for USART_GetITStatus
    usart.o(.text) refers to stm32f10x_rcc.o(.text) for RCC_APB2PeriphClockCmd
    usart.o(.text) refers to stm32f10x_gpio.o(.text) for GPIO_PinRemapConfig
    usart.o(.text) refers to printfa.o(i.__0vsprintf) for __c89vsprintf
    usart.o(.text) refers to usart.o(.data) for wp
    usart.o(.text) refers to usart.o(.bss) for rxBuf
    adc.o(.text) refers to stm32f10x_rcc.o(.text) for RCC_AHBPeriphClockCmd
    adc.o(.text) refers to stm32f10x_gpio.o(.text) for GPIO_Init
    adc.o(.text) refers to stm32f10x_adc.o(.text) for ADC_Init
    adc.o(.text) refers to stm32f10x_dma.o(.text) for DMA_DeInit
    adc.o(.text) refers to adc.o(.data) for ADC_ConvertedValue
    bsp.o(.text) refers to stm32f10x_gpio.o(.text) for GPIO_Init
    bsp.o(.text) refers to misc.o(.text) for NVIC_PriorityGroupConfig
    bsp.o(.text) refers to system_stm32f10x.o(.text) for SystemInit
    bsp.o(.text) refers to stm32f10x_rcc.o(.text) for RCC_APB2PeriphClockCmd
    bsp.o(.text) refers to motor.o(.text) for motor_io_init
    bsp.o(.text) refers to stm32f10x_exti.o(.text) for EXTI_ClearITPendingBit
    motor.o(.text) refers to usart.o(.text) for log_printf
    motor.o(.text) refers to stm32f10x_gpio.o(.text) for GPIO_ResetBits
    motor.o(.text) refers to stm32f10x_tim.o(.text) for TIM_TimeBaseInit
    motor.o(.text) refers to iclean.o(.data) for sys
    motor.o(.text) refers to motor.o(.data) for motorStr
    pid.o(.text) refers to usart.o(.text) for log_printf
    pid.o(.text) refers to pid.o(.bss) for rPid
    iclean.o(.text) refers to iclean.o(.bss) for syst
    iclean.o(.text) refers to iclean.o(.data) for sys
    opflash.o(.text) refers to stm32f10x_flash.o(.text) for FLASH_Unlock
    upgr.o(.text) refers to memcpya.o(.text) for __aeabi_memcpy
    upgr.o(.text) refers to opflash.o(.text) for write_Flasfbuff1
    upgr.o(.text) refers to memseta.o(.text) for __aeabi_memclr
    upgr.o(.text) refers to usart.o(.text) for psend
    upgr.o(.text) refers to systick.o(.text) for mstimeout
    upgr.o(.text) refers to upgr.o(.data) for cPack
    upgr.o(.text) refers to upgr.o(.bss) for sBuf
    stm32f10x_rcc.o(.text) refers to stm32f10x_rcc.o(.data) for APBAHBPrescTable
    stm32f10x_gpio.o(.text) refers to stm32f10x_rcc.o(.text) for RCC_APB2PeriphResetCmd
    stm32f10x_usart.o(.text) refers to stm32f10x_rcc.o(.text) for RCC_APB2PeriphResetCmd
    stm32f10x_adc.o(.text) refers to stm32f10x_rcc.o(.text) for RCC_APB2PeriphResetCmd
    stm32f10x_i2c.o(.text) refers to stm32f10x_rcc.o(.text) for RCC_APB1PeriphResetCmd
    stm32f10x_tim.o(.text) refers to stm32f10x_rcc.o(.text) for RCC_APB2PeriphResetCmd
    system_stm32f10x.o(.text) refers to system_stm32f10x.o(.data) for SystemCoreClock
    entry.o(.ARM.Collect$$$$00000000) refers (Special) to entry7b.o(.ARM.Collect$$$$00000008) for _main_clock
    entry.o(.ARM.Collect$$$$00000000) refers (Special) to entry8.o(.ARM.Collect$$$$00000009) for _main_init
    entry.o(.ARM.Collect$$$$00000000) refers (Special) to entry5.o(.ARM.Collect$$$$00000004) for _main_scatterload
    entry.o(.ARM.Collect$$$$00000000) refers (Special) to entry2.o(.ARM.Collect$$$$00000001) for _main_stk
    printfa.o(i.__0fprintf) refers (Special) to iusefp.o(.text) for __I$use$fp
    printfa.o(i.__0fprintf) refers to printfa.o(i._printf_core) for _printf_core
    printfa.o(i.__0fprintf) refers to fputc.o(i.fputc) for fputc
    printfa.o(i.__0printf) refers (Special) to iusefp.o(.text) for __I$use$fp
    printfa.o(i.__0printf) refers to printfa.o(i._printf_core) for _printf_core
    printfa.o(i.__0printf) refers to fputc.o(i.fputc) for fputc
    printfa.o(i.__0printf) refers to stdout.o(.data) for __stdout
    printfa.o(i.__0snprintf) refers (Special) to iusefp.o(.text) for __I$use$fp
    printfa.o(i.__0snprintf) refers to printfa.o(i._printf_core) for _printf_core
    printfa.o(i.__0snprintf) refers to printfa.o(i._snputc) for _snputc
    printfa.o(i.__0sprintf) refers (Special) to iusefp.o(.text) for __I$use$fp
    printfa.o(i.__0sprintf) refers to printfa.o(i._printf_core) for _printf_core
    printfa.o(i.__0sprintf) refers to printfa.o(i._sputc) for _sputc
    printfa.o(i.__0vfprintf) refers (Special) to iusefp.o(.text) for __I$use$fp
    printfa.o(i.__0vfprintf) refers to printfa.o(i._printf_core) for _printf_core
    printfa.o(i.__0vfprintf) refers to fputc.o(i.fputc) for fputc
    printfa.o(i.__0vprintf) refers (Special) to iusefp.o(.text) for __I$use$fp
    printfa.o(i.__0vprintf) refers to printfa.o(i._printf_core) for _printf_core
    printfa.o(i.__0vprintf) refers to fputc.o(i.fputc) for fputc
    printfa.o(i.__0vprintf) refers to stdout.o(.data) for __stdout
    printfa.o(i.__0vsnprintf) refers (Special) to iusefp.o(.text) for __I$use$fp
    printfa.o(i.__0vsnprintf) refers to printfa.o(i._printf_core) for _printf_core
    printfa.o(i.__0vsnprintf) refers to printfa.o(i._snputc) for _snputc
    printfa.o(i.__0vsprintf) refers (Special) to iusefp.o(.text) for __I$use$fp
    printfa.o(i.__0vsprintf) refers to printfa.o(i._printf_core) for _printf_core
    printfa.o(i.__0vsprintf) refers to printfa.o(i._sputc) for _sputc
    printfa.o(i._fp_digits) refers (Special) to iusefp.o(.text) for __I$use$fp
    printfa.o(i._fp_digits) refers to dmul.o(.text) for __aeabi_dmul
    printfa.o(i._fp_digits) refers to ddiv.o(.text) for __aeabi_ddiv
    printfa.o(i._fp_digits) refers to cdrcmple.o(.text) for __aeabi_cdrcmple
    printfa.o(i._fp_digits) refers to dadd.o(.text) for __aeabi_dadd
    printfa.o(i._fp_digits) refers to dfixul.o(.text) for __aeabi_d2ulz
    printfa.o(i._fp_digits) refers to uldiv.o(.text) for __aeabi_uldivmod
    printfa.o(i._printf_core) refers (Special) to iusefp.o(.text) for __I$use$fp
    printfa.o(i._printf_core) refers to printfa.o(i._printf_pre_padding) for _printf_pre_padding
    printfa.o(i._printf_core) refers to uldiv.o(.text) for __aeabi_uldivmod
    printfa.o(i._printf_core) refers to printfa.o(i._printf_post_padding) for _printf_post_padding
    printfa.o(i._printf_core) refers to printfa.o(i._fp_digits) for _fp_digits
    printfa.o(i._printf_core) refers to uidiv.o(.text) for __aeabi_uidivmod
    printfa.o(i._printf_post_padding) refers (Special) to iusefp.o(.text) for __I$use$fp
    printfa.o(i._printf_pre_padding) refers (Special) to iusefp.o(.text) for __I$use$fp
    printfa.o(i._snputc) refers (Special) to iusefp.o(.text) for __I$use$fp
    printfa.o(i._sputc) refers (Special) to iusefp.o(.text) for __I$use$fp
    entry2.o(.ARM.Collect$$$$00000001) refers to entry2.o(.ARM.Collect$$$$00002712) for __lit__00000000
    entry2.o(.ARM.Collect$$$$00002712) refers to startup_stm32f10x_hd.o(STACK) for __initial_sp
    entry2.o(__vectab_stack_and_reset_area) refers to startup_stm32f10x_hd.o(STACK) for __initial_sp
    entry2.o(__vectab_stack_and_reset_area) refers to entry.o(.ARM.Collect$$$$00000000) for __main
    entry5.o(.ARM.Collect$$$$00000004) refers to init.o(.text) for __scatterload
    entry8.o(.ARM.Collect$$$$00000009) refers to main.o(.text) for main
    fputc.o(i.fputc) refers (Special) to iusesemip.o(.text) for __I$use$semihosting$fputc
    fputc.o(i.fputc) refers (Special) to semi.o(.text) for __semihosting_library_function
    uldiv.o(.text) refers to llushr.o(.text) for __aeabi_llsr
    uldiv.o(.text) refers to llshl.o(.text) for __aeabi_llsl
    dadd.o(.text) refers to llshl.o(.text) for __aeabi_llsl
    dadd.o(.text) refers to llsshr.o(.text) for __aeabi_lasr
    dadd.o(.text) refers to depilogue.o(.text) for _double_epilogue
    dmul.o(.text) refers to depilogue.o(.text) for _double_epilogue
    ddiv.o(.text) refers to depilogue.o(.text) for _double_round
    dfixul.o(.text) refers to llushr.o(.text) for __aeabi_llsr
    dfixul.o(.text) refers to llshl.o(.text) for __aeabi_llsl
    init.o(.text) refers to entry5.o(.ARM.Collect$$$$00000004) for __main_after_scatterload
    depilogue.o(.text) refers to llshl.o(.text) for __aeabi_llsl
    depilogue.o(.text) refers to llushr.o(.text) for __aeabi_llsr


==============================================================================

Removing Unused input sections from the image.

    Removing startup_stm32f10x_hd.o(HEAP), (512 bytes).
    Removing stm32f10x_it.o(.bss), (1200 bytes).
    Removing adc.o(.text), (480 bytes).
    Removing adc.o(.data), (28 bytes).
    Removing opflash.o(.text), (452 bytes).
    Removing upgr.o(.text), (1048 bytes).
    Removing upgr.o(.bss), (2188 bytes).
    Removing upgr.o(.data), (40 bytes).
    Removing stm32f10x_i2c.o(.text), (1130 bytes).
    Removing stm32f10x_flash.o(.text), (1640 bytes).
    Removing core_cm3.o(.emb_text), (32 bytes).

11 unused section(s) (total 8750 bytes) removed from the image.

==============================================================================

Image Symbol Table

    Local Symbols

    Symbol Name                              Value     Ov Type        Size  Object(Section)

    ../../microlib/division.c                0x00000000   Number         0  uldiv.o ABSOLUTE
    ../../microlib/division.c                0x00000000   Number         0  uidiv.o ABSOLUTE
    ../../microlib/fpadd.c                   0x00000000   Number         0  dadd.o ABSOLUTE
    ../../microlib/fpdiv.c                   0x00000000   Number         0  ddiv.o ABSOLUTE
    ../../microlib/fpepilogue.c              0x00000000   Number         0  depilogue.o ABSOLUTE
    ../../microlib/fpfix.c                   0x00000000   Number         0  dfixul.o ABSOLUTE
    ../../microlib/fpmul.c                   0x00000000   Number         0  dmul.o ABSOLUTE
    ../../microlib/init/entry.s              0x00000000   Number         0  entry7b.o ABSOLUTE
    ../../microlib/init/entry.s              0x00000000   Number         0  entry5.o ABSOLUTE
    ../../microlib/init/entry.s              0x00000000   Number         0  entry7a.o ABSOLUTE
    ../../microlib/init/entry.s              0x00000000   Number         0  entry.o ABSOLUTE
    ../../microlib/init/entry.s              0x00000000   Number         0  entry8.o ABSOLUTE
    ../../microlib/init/entry.s              0x00000000   Number         0  entry2.o ABSOLUTE
    ../../microlib/longlong.c                0x00000000   Number         0  llshl.o ABSOLUTE
    ../../microlib/longlong.c                0x00000000   Number         0  llushr.o ABSOLUTE
    ../../microlib/longlong.c                0x00000000   Number         0  llsshr.o ABSOLUTE
    ../../microlib/printf/printf.c           0x00000000   Number         0  printfa.o ABSOLUTE
    ../../microlib/stdio/fputc.c             0x00000000   Number         0  fputc.o ABSOLUTE
    ../../microlib/stdio/semi.s              0x00000000   Number         0  semi.o ABSOLUTE
    ../../microlib/stdio/streams.c           0x00000000   Number         0  stdout.o ABSOLUTE
    ../../microlib/string/memcpy.c           0x00000000   Number         0  memcpya.o ABSOLUTE
    ../../microlib/string/memcpy.c           0x00000000   Number         0  memcpyb.o ABSOLUTE
    ../../microlib/string/memset.c           0x00000000   Number         0  memseta.o ABSOLUTE
    ../../microlib/stubs.s                   0x00000000   Number         0  iusefp.o ABSOLUTE
    ../../microlib/stubs.s                   0x00000000   Number         0  iusesemip.o ABSOLUTE
    ..\CMSIS\core_cm3.c                      0x00000000   Number         0  core_cm3.o ABSOLUTE
    ..\CMSIS\startup\startup_stm32f10x_hd.s  0x00000000   Number         0  startup_stm32f10x_hd.o ABSOLUTE
    ..\CMSIS\system_stm32f10x.c              0x00000000   Number         0  system_stm32f10x.o ABSOLUTE
    ..\FWlib\src\misc.c                      0x00000000   Number         0  misc.o ABSOLUTE
    ..\FWlib\src\stm32f10x_adc.c             0x00000000   Number         0  stm32f10x_adc.o ABSOLUTE
    ..\FWlib\src\stm32f10x_dma.c             0x00000000   Number         0  stm32f10x_dma.o ABSOLUTE
    ..\FWlib\src\stm32f10x_exti.c            0x00000000   Number         0  stm32f10x_exti.o ABSOLUTE
    ..\FWlib\src\stm32f10x_flash.c           0x00000000   Number         0  stm32f10x_flash.o ABSOLUTE
    ..\FWlib\src\stm32f10x_gpio.c            0x00000000   Number         0  stm32f10x_gpio.o ABSOLUTE
    ..\FWlib\src\stm32f10x_i2c.c             0x00000000   Number         0  stm32f10x_i2c.o ABSOLUTE
    ..\FWlib\src\stm32f10x_rcc.c             0x00000000   Number         0  stm32f10x_rcc.o ABSOLUTE
    ..\FWlib\src\stm32f10x_tim.c             0x00000000   Number         0  stm32f10x_tim.o ABSOLUTE
    ..\FWlib\src\stm32f10x_usart.c           0x00000000   Number         0  stm32f10x_usart.o ABSOLUTE
    ..\\CMSIS\\core_cm3.c                    0x00000000   Number         0  core_cm3.o ABSOLUTE
    OpFlash.c                                0x00000000   Number         0  opflash.o ABSOLUTE
    PID.c                                    0x00000000   Number         0  pid.o ABSOLUTE
    SysTick.c                                0x00000000   Number         0  systick.o ABSOLUTE
    adc.c                                    0x00000000   Number         0  adc.o ABSOLUTE
    bsp.c                                    0x00000000   Number         0  bsp.o ABSOLUTE
    cdrcmple.s                               0x00000000   Number         0  cdrcmple.o ABSOLUTE
    dc.s                                     0x00000000   Number         0  dc.o ABSOLUTE
    handlers.s                               0x00000000   Number         0  handlers.o ABSOLUTE
    iclean.c                                 0x00000000   Number         0  iclean.o ABSOLUTE
    init.s                                   0x00000000   Number         0  init.o ABSOLUTE
    main.c                                   0x00000000   Number         0  main.o ABSOLUTE
    motor.c                                  0x00000000   Number         0  motor.o ABSOLUTE
    stm32f10x_it.c                           0x00000000   Number         0  stm32f10x_it.o ABSOLUTE
    upgr.c                                   0x00000000   Number         0  upgr.o ABSOLUTE
    usart.c                                  0x00000000   Number         0  usart.o ABSOLUTE
    RESET                                    0x08000000   Section      304  startup_stm32f10x_hd.o(RESET)
    .ARM.Collect$$$$00000000                 0x08000130   Section        0  entry.o(.ARM.Collect$$$$00000000)
    .ARM.Collect$$$$00000001                 0x08000130   Section        4  entry2.o(.ARM.Collect$$$$00000001)
    .ARM.Collect$$$$00000004                 0x08000134   Section        4  entry5.o(.ARM.Collect$$$$00000004)
    .ARM.Collect$$$$00000008                 0x08000138   Section        0  entry7b.o(.ARM.Collect$$$$00000008)
    .ARM.Collect$$$$00000009                 0x08000138   Section        8  entry8.o(.ARM.Collect$$$$00000009)
    .ARM.Collect$$$$00002712                 0x08000140   Section        4  entry2.o(.ARM.Collect$$$$00002712)
    __lit__00000000                          0x08000140   Data           4  entry2.o(.ARM.Collect$$$$00002712)
    .text                                    0x08000144   Section       36  startup_stm32f10x_hd.o(.text)
    .text                                    0x08000168   Section        0  main.o(.text)
    .text                                    0x0800023c   Section        0  stm32f10x_it.o(.text)
    .text                                    0x08000630   Section        0  systick.o(.text)
    .text                                    0x0800076c   Section        0  usart.o(.text)
    .text                                    0x08000924   Section        0  bsp.o(.text)
    .text                                    0x08000a64   Section        0  motor.o(.text)
    .text                                    0x0800108c   Section        0  pid.o(.text)
    .text                                    0x080012c8   Section        0  iclean.o(.text)
    .text                                    0x08001344   Section        0  stm32f10x_rcc.o(.text)
    .text                                    0x08001758   Section        0  stm32f10x_gpio.o(.text)
    .text                                    0x08001b04   Section        0  stm32f10x_usart.o(.text)
    .text                                    0x08001fac   Section        0  misc.o(.text)
    .text                                    0x080020ac   Section        0  stm32f10x_adc.o(.text)
    .text                                    0x08002584   Section        0  stm32f10x_dma.o(.text)
    .text                                    0x080027d4   Section        0  stm32f10x_exti.o(.text)
    .text                                    0x0800291c   Section        0  stm32f10x_tim.o(.text)
    TI4_Config                               0x08002e2d   Thumb Code   138  stm32f10x_tim.o(.text)
    TI3_Config                               0x08002ecd   Thumb Code   134  stm32f10x_tim.o(.text)
    TI2_Config                               0x08002f6d   Thumb Code   138  stm32f10x_tim.o(.text)
    TI1_Config                               0x0800300d   Thumb Code   124  stm32f10x_tim.o(.text)
    .text                                    0x080038ec   Section        0  system_stm32f10x.o(.text)
    SetSysClockTo72                          0x080038ed   Thumb Code   200  system_stm32f10x.o(.text)
    SetSysClock                              0x080039b5   Thumb Code     8  system_stm32f10x.o(.text)
    .text                                    0x08003acc   Section        0  uidiv.o(.text)
    .text                                    0x08003af8   Section        0  uldiv.o(.text)
    .text                                    0x08003b5a   Section        0  iusefp.o(.text)
    .text                                    0x08003b5a   Section        0  dadd.o(.text)
    .text                                    0x08003ca6   Section        0  dmul.o(.text)
    .text                                    0x08003d86   Section        0  ddiv.o(.text)
    .text                                    0x08003e64   Section        0  dfixul.o(.text)
    .text                                    0x08003e94   Section       40  cdrcmple.o(.text)
    .text                                    0x08003ebc   Section       36  init.o(.text)
    .text                                    0x08003ee0   Section        0  llshl.o(.text)
    .text                                    0x08003efe   Section        0  llushr.o(.text)
    .text                                    0x08003f1e   Section        0  llsshr.o(.text)
    .text                                    0x08003f42   Section        0  depilogue.o(.text)
    i.__0vsprintf                            0x08004000   Section        0  printfa.o(i.__0vsprintf)
    i.__scatterload_copy                     0x08004020   Section       14  handlers.o(i.__scatterload_copy)
    i.__scatterload_null                     0x0800402e   Section        2  handlers.o(i.__scatterload_null)
    i.__scatterload_zeroinit                 0x08004030   Section       14  handlers.o(i.__scatterload_zeroinit)
    i._fp_digits                             0x08004040   Section        0  printfa.o(i._fp_digits)
    _fp_digits                               0x08004041   Thumb Code   320  printfa.o(i._fp_digits)
    i._printf_core                           0x08004194   Section        0  printfa.o(i._printf_core)
    _printf_core                             0x08004195   Thumb Code  1782  printfa.o(i._printf_core)
    i._printf_post_padding                   0x08004898   Section        0  printfa.o(i._printf_post_padding)
    _printf_post_padding                     0x08004899   Thumb Code    38  printfa.o(i._printf_post_padding)
    i._printf_pre_padding                    0x080048be   Section        0  printfa.o(i._printf_pre_padding)
    _printf_pre_padding                      0x080048bf   Thumb Code    48  printfa.o(i._printf_pre_padding)
    i._sputc                                 0x080048ee   Section        0  printfa.o(i._sputc)
    _sputc                                   0x080048ef   Thumb Code    10  printfa.o(i._sputc)
    .data                                    0x20000000   Section       20  stm32f10x_it.o(.data)
    cc1                                      0x20000008   Data           4  stm32f10x_it.o(.data)
    tmrCCR1                                  0x2000000c   Data           4  stm32f10x_it.o(.data)
    cc2                                      0x20000010   Data           4  stm32f10x_it.o(.data)
    .data                                    0x20000014   Section        4  systick.o(.data)
    .data                                    0x20000018   Section       12  usart.o(.data)
    .data                                    0x20000024   Section      140  motor.o(.data)
    .data                                    0x200000b0   Section        4  iclean.o(.data)
    .data                                    0x200000b4   Section       20  stm32f10x_rcc.o(.data)
    APBAHBPrescTable                         0x200000b4   Data          16  stm32f10x_rcc.o(.data)
    ADCPrescTable                            0x200000c4   Data           4  stm32f10x_rcc.o(.data)
    .data                                    0x200000c8   Section       20  system_stm32f10x.o(.data)
    .bss                                     0x200000dc   Section     1280  usart.o(.bss)
    .bss                                     0x200005e0   Section      144  pid.o(.bss)
    .bss                                     0x20000670   Section       48  iclean.o(.bss)
    STACK                                    0x200006a0   Section     1024  startup_stm32f10x_hd.o(STACK)

    Global Symbols

    Symbol Name                              Value     Ov Type        Size  Object(Section)

    BuildAttributes$$THM_ISAv4$P$D$K$B$S$PE$A:L22UL41UL21$X:L11$S22US41US21$IEEE1$IW$USESV6$~STKCKD$USESV7$~SHL$OSPACE$ROPI$EBA8$MICROLIB$REQ8$PRES8$EABIv2 0x00000000   Number         0  anon$$obj.o ABSOLUTE
    __ARM_use_no_argv                        0x00000000   Number         0  main.o ABSOLUTE
    __decompress                              - Undefined Weak Reference
    _clock_init                               - Undefined Weak Reference
    __Vectors_Size                           0x00000130   Number         0  startup_stm32f10x_hd.o ABSOLUTE
    __Vectors                                0x08000000   Data           4  startup_stm32f10x_hd.o(RESET)
    __Vectors_End                            0x08000130   Data           0  startup_stm32f10x_hd.o(RESET)
    __main                                   0x08000131   Thumb Code     0  entry.o(.ARM.Collect$$$$00000000)
    _main_stk                                0x08000131   Thumb Code     0  entry2.o(.ARM.Collect$$$$00000001)
    _main_scatterload                        0x08000135   Thumb Code     0  entry5.o(.ARM.Collect$$$$00000004)
    __main_after_scatterload                 0x08000139   Thumb Code     0  entry5.o(.ARM.Collect$$$$00000004)
    _main_clock                              0x08000139   Thumb Code     0  entry7b.o(.ARM.Collect$$$$00000008)
    _main_init                               0x08000139   Thumb Code     0  entry8.o(.ARM.Collect$$$$00000009)
    Reset_Handler                            0x08000145   Thumb Code     8  startup_stm32f10x_hd.o(.text)
    PendSV_Handler                           0x0800015b   Thumb Code     2  startup_stm32f10x_hd.o(.text)
    ADC3_IRQHandler                          0x0800015f   Thumb Code     0  startup_stm32f10x_hd.o(.text)
    CAN1_SCE_IRQHandler                      0x0800015f   Thumb Code     0  startup_stm32f10x_hd.o(.text)
    DMA1_Channel2_IRQHandler                 0x0800015f   Thumb Code     0  startup_stm32f10x_hd.o(.text)
    DMA1_Channel3_IRQHandler                 0x0800015f   Thumb Code     0  startup_stm32f10x_hd.o(.text)
    DMA1_Channel4_IRQHandler                 0x0800015f   Thumb Code     0  startup_stm32f10x_hd.o(.text)
    DMA1_Channel5_IRQHandler                 0x0800015f   Thumb Code     0  startup_stm32f10x_hd.o(.text)
    DMA1_Channel6_IRQHandler                 0x0800015f   Thumb Code     0  startup_stm32f10x_hd.o(.text)
    DMA1_Channel7_IRQHandler                 0x0800015f   Thumb Code     0  startup_stm32f10x_hd.o(.text)
    DMA2_Channel1_IRQHandler                 0x0800015f   Thumb Code     0  startup_stm32f10x_hd.o(.text)
    DMA2_Channel2_IRQHandler                 0x0800015f   Thumb Code     0  startup_stm32f10x_hd.o(.text)
    DMA2_Channel3_IRQHandler                 0x0800015f   Thumb Code     0  startup_stm32f10x_hd.o(.text)
    DMA2_Channel4_5_IRQHandler               0x0800015f   Thumb Code     0  startup_stm32f10x_hd.o(.text)
    EXTI15_10_IRQHandler                     0x0800015f   Thumb Code     0  startup_stm32f10x_hd.o(.text)
    EXTI4_IRQHandler                         0x0800015f   Thumb Code     0  startup_stm32f10x_hd.o(.text)
    EXTI9_5_IRQHandler                       0x0800015f   Thumb Code     0  startup_stm32f10x_hd.o(.text)
    FLASH_IRQHandler                         0x0800015f   Thumb Code     0  startup_stm32f10x_hd.o(.text)
    FSMC_IRQHandler                          0x0800015f   Thumb Code     0  startup_stm32f10x_hd.o(.text)
    I2C1_ER_IRQHandler                       0x0800015f   Thumb Code     0  startup_stm32f10x_hd.o(.text)
    I2C1_EV_IRQHandler                       0x0800015f   Thumb Code     0  startup_stm32f10x_hd.o(.text)
    I2C2_ER_IRQHandler                       0x0800015f   Thumb Code     0  startup_stm32f10x_hd.o(.text)
    I2C2_EV_IRQHandler                       0x0800015f   Thumb Code     0  startup_stm32f10x_hd.o(.text)
    PVD_IRQHandler                           0x0800015f   Thumb Code     0  startup_stm32f10x_hd.o(.text)
    RCC_IRQHandler                           0x0800015f   Thumb Code     0  startup_stm32f10x_hd.o(.text)
    RTCAlarm_IRQHandler                      0x0800015f   Thumb Code     0  startup_stm32f10x_hd.o(.text)
    RTC_IRQHandler                           0x0800015f   Thumb Code     0  startup_stm32f10x_hd.o(.text)
    SDIO_IRQHandler                          0x0800015f   Thumb Code     0  startup_stm32f10x_hd.o(.text)
    SPI1_IRQHandler                          0x0800015f   Thumb Code     0  startup_stm32f10x_hd.o(.text)
    SPI2_IRQHandler                          0x0800015f   Thumb Code     0  startup_stm32f10x_hd.o(.text)
    SPI3_IRQHandler                          0x0800015f   Thumb Code     0  startup_stm32f10x_hd.o(.text)
    TAMPER_IRQHandler                        0x0800015f   Thumb Code     0  startup_stm32f10x_hd.o(.text)
    TIM1_UP_IRQHandler                       0x0800015f   Thumb Code     0  startup_stm32f10x_hd.o(.text)
    TIM4_IRQHandler                          0x0800015f   Thumb Code     0  startup_stm32f10x_hd.o(.text)
    TIM5_IRQHandler                          0x0800015f   Thumb Code     0  startup_stm32f10x_hd.o(.text)
    TIM6_IRQHandler                          0x0800015f   Thumb Code     0  startup_stm32f10x_hd.o(.text)
    TIM7_IRQHandler                          0x0800015f   Thumb Code     0  startup_stm32f10x_hd.o(.text)
    TIM8_BRK_IRQHandler                      0x0800015f   Thumb Code     0  startup_stm32f10x_hd.o(.text)
    TIM8_CC_IRQHandler                       0x0800015f   Thumb Code     0  startup_stm32f10x_hd.o(.text)
    TIM8_TRG_COM_IRQHandler                  0x0800015f   Thumb Code     0  startup_stm32f10x_hd.o(.text)
    TIM8_UP_IRQHandler                       0x0800015f   Thumb Code     0  startup_stm32f10x_hd.o(.text)
    UART4_IRQHandler                         0x0800015f   Thumb Code     0  startup_stm32f10x_hd.o(.text)
    UART5_IRQHandler                         0x0800015f   Thumb Code     0  startup_stm32f10x_hd.o(.text)
    USART3_IRQHandler                        0x0800015f   Thumb Code     0  startup_stm32f10x_hd.o(.text)
    USBWakeUp_IRQHandler                     0x0800015f   Thumb Code     0  startup_stm32f10x_hd.o(.text)
    USB_HP_CAN1_TX_IRQHandler                0x0800015f   Thumb Code     0  startup_stm32f10x_hd.o(.text)
    WWDG_IRQHandler                          0x0800015f   Thumb Code     0  startup_stm32f10x_hd.o(.text)
    main                                     0x08000169   Thumb Code   156  main.o(.text)
    NMI_Handler                              0x0800023d   Thumb Code     2  stm32f10x_it.o(.text)
    HardFault_Handler                        0x0800023f   Thumb Code     4  stm32f10x_it.o(.text)
    MemManage_Handler                        0x08000243   Thumb Code     4  stm32f10x_it.o(.text)
    BusFault_Handler                         0x08000247   Thumb Code     4  stm32f10x_it.o(.text)
    UsageFault_Handler                       0x0800024b   Thumb Code     4  stm32f10x_it.o(.text)
    SVC_Handler                              0x0800024f   Thumb Code     2  stm32f10x_it.o(.text)
    DebugMon_Handler                         0x08000251   Thumb Code     2  stm32f10x_it.o(.text)
    USB_LP_CAN1_RX0_IRQHandler               0x08000253   Thumb Code     2  stm32f10x_it.o(.text)
    CAN1_RX1_IRQHandler                      0x08000255   Thumb Code     2  stm32f10x_it.o(.text)
    USART2_IRQHandler                        0x08000257   Thumb Code     2  stm32f10x_it.o(.text)
    DMA1_Channel1_IRQHandler                 0x08000259   Thumb Code    18  stm32f10x_it.o(.text)
    EXTI0_IRQHandler                         0x0800026b   Thumb Code    18  stm32f10x_it.o(.text)
    EXTI1_IRQHandler                         0x0800027d   Thumb Code    42  stm32f10x_it.o(.text)
    EXTI2_IRQHandler                         0x080002a7   Thumb Code    18  stm32f10x_it.o(.text)
    EXTI3_IRQHandler                         0x080002b9   Thumb Code    18  stm32f10x_it.o(.text)
    TIM1_TRG_COM_IRQHandler                  0x080002cb   Thumb Code    14  stm32f10x_it.o(.text)
    TIM1_BRK_IRQHandler                      0x080002d9   Thumb Code    14  stm32f10x_it.o(.text)
    TIM3_IRQHandler                          0x080002e7   Thumb Code     2  stm32f10x_it.o(.text)
    TIM2_IRQHandler                          0x080002e9   Thumb Code   698  stm32f10x_it.o(.text)
    TIM1_CC_IRQHandler                       0x080005a3   Thumb Code     2  stm32f10x_it.o(.text)
    ADC1_2_IRQHandler                        0x080005a5   Thumb Code    28  stm32f10x_it.o(.text)
    SysTick_Init                             0x08000631   Thumb Code   116  systick.o(.text)
    SysTick_Handler                          0x080006a5   Thumb Code   118  systick.o(.text)
    mstimeout                                0x0800071b   Thumb Code    32  systick.o(.text)
    delay                                    0x0800073b   Thumb Code    30  systick.o(.text)
    USART1_IRQHandler                        0x0800076d   Thumb Code    70  usart.o(.text)
    read_pb                                  0x080007b3   Thumb Code    62  usart.o(.text)
    usartx_init                              0x080007f1   Thumb Code   150  usart.o(.text)
    usart_write                              0x08000887   Thumb Code    44  usart.o(.text)
    psend                                    0x080008b3   Thumb Code    28  usart.o(.text)
    log_printf                               0x080008cf   Thumb Code    62  usart.o(.text)
    GPIO_Config                              0x08000925   Thumb Code    36  bsp.o(.text)
    NVIC_Config                              0x08000949   Thumb Code    80  bsp.o(.text)
    RCC_Config                               0x08000999   Thumb Code    28  bsp.o(.text)
    Periph_Init                              0x080009b5   Thumb Code    20  bsp.o(.text)
    bsp_GPIOConfig                           0x080009c9   Thumb Code    36  bsp.o(.text)
    EXTI_cfg                                 0x080009ed   Thumb Code    96  bsp.o(.text)
    EXTI_Config                              0x08000a4d   Thumb Code     2  bsp.o(.text)
    Delayus                                  0x08000a4f   Thumb Code    12  bsp.o(.text)
    r_motor_stop                             0x08000a65   Thumb Code    52  motor.o(.text)
    l_motor_stop                             0x08000a99   Thumb Code    52  motor.o(.text)
    timer1_pwm_init                          0x08000acd   Thumb Code   254  motor.o(.text)
    timer3_pwm_init                          0x08000bcb   Thumb Code   148  motor.o(.text)
    motor_io_init                            0x08000c5f   Thumb Code    36  motor.o(.text)
    l_motor_set_pwm                          0x08000c83   Thumb Code    62  motor.o(.text)
    r_motor_set_pwm                          0x08000cc1   Thumb Code    68  motor.o(.text)
    init_tim2_camp                           0x08000d05   Thumb Code   622  motor.o(.text)
    printf_motor_sta                         0x08000f73   Thumb Code     2  motor.o(.text)
    motor_run                                0x08000f75   Thumb Code   218  motor.o(.text)
    get_motor_sta                            0x0800104f   Thumb Code    14  motor.o(.text)
    Speed_PIDInit                            0x0800108d   Thumb Code   162  pid.o(.text)
    pid_init                                 0x0800112f   Thumb Code     8  pid.o(.text)
    pid_calc                                 0x08001137   Thumb Code   174  pid.o(.text)
    calc_pid                                 0x080011e5   Thumb Code   100  pid.o(.text)
    init_sys                                 0x080012c9   Thumb Code    50  iclean.o(.text)
    check_io                                 0x080012fb   Thumb Code    46  iclean.o(.text)
    disXY                                    0x08001329   Thumb Code    14  iclean.o(.text)
    RCC_DeInit                               0x08001345   Thumb Code    68  stm32f10x_rcc.o(.text)
    RCC_HSEConfig                            0x08001389   Thumb Code    70  stm32f10x_rcc.o(.text)
    RCC_GetFlagStatus                        0x080013cf   Thumb Code    68  stm32f10x_rcc.o(.text)
    RCC_WaitForHSEStartUp                    0x08001413   Thumb Code    56  stm32f10x_rcc.o(.text)
    RCC_AdjustHSICalibrationValue            0x0800144b   Thumb Code    22  stm32f10x_rcc.o(.text)
    RCC_HSICmd                               0x08001461   Thumb Code     6  stm32f10x_rcc.o(.text)
    RCC_PLLConfig                            0x08001467   Thumb Code    28  stm32f10x_rcc.o(.text)
    RCC_PLLCmd                               0x08001483   Thumb Code     6  stm32f10x_rcc.o(.text)
    RCC_SYSCLKConfig                         0x08001489   Thumb Code    22  stm32f10x_rcc.o(.text)
    RCC_GetSYSCLKSource                      0x0800149f   Thumb Code    10  stm32f10x_rcc.o(.text)
    RCC_HCLKConfig                           0x080014a9   Thumb Code    22  stm32f10x_rcc.o(.text)
    RCC_PCLK1Config                          0x080014bf   Thumb Code    22  stm32f10x_rcc.o(.text)
    RCC_PCLK2Config                          0x080014d5   Thumb Code    22  stm32f10x_rcc.o(.text)
    RCC_ITConfig                             0x080014eb   Thumb Code    36  stm32f10x_rcc.o(.text)
    RCC_USBCLKConfig                         0x0800150f   Thumb Code     6  stm32f10x_rcc.o(.text)
    RCC_ADCCLKConfig                         0x08001515   Thumb Code    22  stm32f10x_rcc.o(.text)
    RCC_LSEConfig                            0x0800152b   Thumb Code    50  stm32f10x_rcc.o(.text)
    RCC_LSICmd                               0x0800155d   Thumb Code     6  stm32f10x_rcc.o(.text)
    RCC_RTCCLKConfig                         0x08001563   Thumb Code    14  stm32f10x_rcc.o(.text)
    RCC_RTCCLKCmd                            0x08001571   Thumb Code     6  stm32f10x_rcc.o(.text)
    RCC_GetClocksFreq                        0x08001577   Thumb Code   216  stm32f10x_rcc.o(.text)
    RCC_AHBPeriphClockCmd                    0x0800164f   Thumb Code    30  stm32f10x_rcc.o(.text)
    RCC_APB2PeriphClockCmd                   0x0800166d   Thumb Code    30  stm32f10x_rcc.o(.text)
    RCC_APB1PeriphClockCmd                   0x0800168b   Thumb Code    30  stm32f10x_rcc.o(.text)
    RCC_APB2PeriphResetCmd                   0x080016a9   Thumb Code    30  stm32f10x_rcc.o(.text)
    RCC_APB1PeriphResetCmd                   0x080016c7   Thumb Code    30  stm32f10x_rcc.o(.text)
    RCC_BackupResetCmd                       0x080016e5   Thumb Code     6  stm32f10x_rcc.o(.text)
    RCC_ClockSecuritySystemCmd               0x080016eb   Thumb Code     6  stm32f10x_rcc.o(.text)
    RCC_MCOConfig                            0x080016f1   Thumb Code     6  stm32f10x_rcc.o(.text)
    RCC_ClearFlag                            0x080016f7   Thumb Code    14  stm32f10x_rcc.o(.text)
    RCC_GetITStatus                          0x08001705   Thumb Code    26  stm32f10x_rcc.o(.text)
    RCC_ClearITPendingBit                    0x0800171f   Thumb Code    58  stm32f10x_rcc.o(.text)
    GPIO_DeInit                              0x08001759   Thumb Code   172  stm32f10x_gpio.o(.text)
    GPIO_AFIODeInit                          0x08001805   Thumb Code    20  stm32f10x_gpio.o(.text)
    GPIO_Init                                0x08001819   Thumb Code   292  stm32f10x_gpio.o(.text)
    GPIO_StructInit                          0x0800193d   Thumb Code    20  stm32f10x_gpio.o(.text)
    GPIO_ReadInputDataBit                    0x08001951   Thumb Code    24  stm32f10x_gpio.o(.text)
    GPIO_ReadInputData                       0x08001969   Thumb Code     8  stm32f10x_gpio.o(.text)
    GPIO_ReadOutputDataBit                   0x08001971   Thumb Code    24  stm32f10x_gpio.o(.text)
    GPIO_ReadOutputData                      0x08001989   Thumb Code     8  stm32f10x_gpio.o(.text)
    GPIO_SetBits                             0x08001991   Thumb Code     4  stm32f10x_gpio.o(.text)
    GPIO_ResetBits                           0x08001995   Thumb Code     4  stm32f10x_gpio.o(.text)
    GPIO_WriteBit                            0x08001999   Thumb Code    10  stm32f10x_gpio.o(.text)
    GPIO_Write                               0x080019a3   Thumb Code     4  stm32f10x_gpio.o(.text)
    GPIO_PinLockConfig                       0x080019a7   Thumb Code    20  stm32f10x_gpio.o(.text)
    GPIO_EventOutputConfig                   0x080019bb   Thumb Code    32  stm32f10x_gpio.o(.text)
    GPIO_EventOutputCmd                      0x080019db   Thumb Code     6  stm32f10x_gpio.o(.text)
    GPIO_PinRemapConfig                      0x080019e1   Thumb Code   156  stm32f10x_gpio.o(.text)
    GPIO_EXTILineConfig                      0x08001a7d   Thumb Code    84  stm32f10x_gpio.o(.text)
    GPIO_ETH_MediaInterfaceConfig            0x08001ad1   Thumb Code     6  stm32f10x_gpio.o(.text)
    USART_DeInit                             0x08001b05   Thumb Code   134  stm32f10x_usart.o(.text)
    USART_Init                               0x08001b8b   Thumb Code   250  stm32f10x_usart.o(.text)
    USART_StructInit                         0x08001c85   Thumb Code    30  stm32f10x_usart.o(.text)
    USART_ClockInit                          0x08001ca3   Thumb Code    46  stm32f10x_usart.o(.text)
    USART_ClockStructInit                    0x08001cd1   Thumb Code    14  stm32f10x_usart.o(.text)
    USART_Cmd                                0x08001cdf   Thumb Code    26  stm32f10x_usart.o(.text)
    USART_ITConfig                           0x08001cf9   Thumb Code    88  stm32f10x_usart.o(.text)
    USART_DMACmd                             0x08001d51   Thumb Code    30  stm32f10x_usart.o(.text)
    USART_SetAddress                         0x08001d6f   Thumb Code    22  stm32f10x_usart.o(.text)
    USART_WakeUpConfig                       0x08001d85   Thumb Code    22  stm32f10x_usart.o(.text)
    USART_ReceiverWakeUpCmd                  0x08001d9b   Thumb Code    26  stm32f10x_usart.o(.text)
    USART_LINBreakDetectLengthConfig         0x08001db5   Thumb Code    22  stm32f10x_usart.o(.text)
    USART_LINCmd                             0x08001dcb   Thumb Code    26  stm32f10x_usart.o(.text)
    USART_SendData                           0x08001de5   Thumb Code     8  stm32f10x_usart.o(.text)
    USART_ReceiveData                        0x08001ded   Thumb Code    10  stm32f10x_usart.o(.text)
    USART_SendBreak                          0x08001df7   Thumb Code    10  stm32f10x_usart.o(.text)
    USART_SetGuardTime                       0x08001e01   Thumb Code    16  stm32f10x_usart.o(.text)
    USART_SetPrescaler                       0x08001e11   Thumb Code    18  stm32f10x_usart.o(.text)
    USART_SmartCardCmd                       0x08001e23   Thumb Code    26  stm32f10x_usart.o(.text)
    USART_SmartCardNACKCmd                   0x08001e3d   Thumb Code    26  stm32f10x_usart.o(.text)
    USART_HalfDuplexCmd                      0x08001e57   Thumb Code    26  stm32f10x_usart.o(.text)
    USART_OverSampling8Cmd                   0x08001e71   Thumb Code    22  stm32f10x_usart.o(.text)
    USART_OneBitMethodCmd                    0x08001e87   Thumb Code    26  stm32f10x_usart.o(.text)
    USART_IrDAConfig                         0x08001ea1   Thumb Code    22  stm32f10x_usart.o(.text)
    USART_IrDACmd                            0x08001eb7   Thumb Code    26  stm32f10x_usart.o(.text)
    USART_GetFlagStatus                      0x08001ed1   Thumb Code    54  stm32f10x_usart.o(.text)
    USART_ClearFlag                          0x08001f07   Thumb Code    20  stm32f10x_usart.o(.text)
    USART_GetITStatus                        0x08001f1b   Thumb Code   104  stm32f10x_usart.o(.text)
    USART_ClearITPendingBit                  0x08001f83   Thumb Code    40  stm32f10x_usart.o(.text)
    NVIC_PriorityGroupConfig                 0x08001fad   Thumb Code    12  misc.o(.text)
    NVIC_Init                                0x08001fb9   Thumb Code   128  misc.o(.text)
    NVIC_SetVectorTable                      0x08002039   Thumb Code    16  misc.o(.text)
    NVIC_SystemLPConfig                      0x08002049   Thumb Code    30  misc.o(.text)
    SysTick_CLKSourceConfig                  0x08002067   Thumb Code    40  misc.o(.text)
    ADC_DeInit                               0x080020ad   Thumb Code    78  stm32f10x_adc.o(.text)
    ADC_Init                                 0x080020fb   Thumb Code    86  stm32f10x_adc.o(.text)
    ADC_StructInit                           0x08002151   Thumb Code    22  stm32f10x_adc.o(.text)
    ADC_Cmd                                  0x08002167   Thumb Code    22  stm32f10x_adc.o(.text)
    ADC_DMACmd                               0x0800217d   Thumb Code    22  stm32f10x_adc.o(.text)
    ADC_ITConfig                             0x08002193   Thumb Code    30  stm32f10x_adc.o(.text)
    ADC_ResetCalibration                     0x080021b1   Thumb Code    10  stm32f10x_adc.o(.text)
    ADC_GetResetCalibrationStatus            0x080021bb   Thumb Code    26  stm32f10x_adc.o(.text)
    ADC_StartCalibration                     0x080021d5   Thumb Code    10  stm32f10x_adc.o(.text)
    ADC_GetCalibrationStatus                 0x080021df   Thumb Code    26  stm32f10x_adc.o(.text)
    ADC_SoftwareStartConvCmd                 0x080021f9   Thumb Code    22  stm32f10x_adc.o(.text)
    ADC_GetSoftwareStartConvStatus           0x0800220f   Thumb Code    26  stm32f10x_adc.o(.text)
    ADC_DiscModeChannelCountConfig           0x08002229   Thumb Code    28  stm32f10x_adc.o(.text)
    ADC_DiscModeCmd                          0x08002245   Thumb Code    22  stm32f10x_adc.o(.text)
    ADC_RegularChannelConfig                 0x0800225b   Thumb Code   224  stm32f10x_adc.o(.text)
    ADC_ExternalTrigConvCmd                  0x0800233b   Thumb Code    22  stm32f10x_adc.o(.text)
    ADC_GetConversionValue                   0x08002351   Thumb Code     8  stm32f10x_adc.o(.text)
    ADC_GetDualModeConversionValue           0x08002359   Thumb Code     8  stm32f10x_adc.o(.text)
    ADC_AutoInjectedConvCmd                  0x08002361   Thumb Code    22  stm32f10x_adc.o(.text)
    ADC_InjectedDiscModeCmd                  0x08002377   Thumb Code    22  stm32f10x_adc.o(.text)
    ADC_ExternalTrigInjectedConvConfig       0x0800238d   Thumb Code    20  stm32f10x_adc.o(.text)
    ADC_ExternalTrigInjectedConvCmd          0x080023a1   Thumb Code    22  stm32f10x_adc.o(.text)
    ADC_SoftwareStartInjectedConvCmd         0x080023b7   Thumb Code    22  stm32f10x_adc.o(.text)
    ADC_GetSoftwareStartInjectedConvCmdStatus 0x080023cd   Thumb Code    26  stm32f10x_adc.o(.text)
    ADC_InjectedChannelConfig                0x080023e7   Thumb Code   154  stm32f10x_adc.o(.text)
    ADC_InjectedSequencerLengthConfig        0x08002481   Thumb Code    48  stm32f10x_adc.o(.text)
    ADC_SetInjectedOffset                    0x080024b1   Thumb Code    14  stm32f10x_adc.o(.text)
    ADC_GetInjectedConversionValue           0x080024bf   Thumb Code    20  stm32f10x_adc.o(.text)
    ADC_AnalogWatchdogCmd                    0x080024d3   Thumb Code    22  stm32f10x_adc.o(.text)
    ADC_AnalogWatchdogThresholdsConfig       0x080024e9   Thumb Code     6  stm32f10x_adc.o(.text)
    ADC_AnalogWatchdogSingleChannelConfig    0x080024ef   Thumb Code    20  stm32f10x_adc.o(.text)
    ADC_TempSensorVrefintCmd                 0x08002503   Thumb Code    30  stm32f10x_adc.o(.text)
    ADC_GetFlagStatus                        0x08002521   Thumb Code    24  stm32f10x_adc.o(.text)
    ADC_ClearFlag                            0x08002539   Thumb Code     8  stm32f10x_adc.o(.text)
    ADC_GetITStatus                          0x08002541   Thumb Code    44  stm32f10x_adc.o(.text)
    ADC_ClearITPendingBit                    0x0800256d   Thumb Code    16  stm32f10x_adc.o(.text)
    DMA_DeInit                               0x08002585   Thumb Code   288  stm32f10x_dma.o(.text)
    DMA_Init                                 0x080026a5   Thumb Code    80  stm32f10x_dma.o(.text)
    DMA_StructInit                           0x080026f5   Thumb Code    28  stm32f10x_dma.o(.text)
    DMA_Cmd                                  0x08002711   Thumb Code    26  stm32f10x_dma.o(.text)
    DMA_ITConfig                             0x0800272b   Thumb Code    22  stm32f10x_dma.o(.text)
    DMA_SetCurrDataCounter                   0x08002741   Thumb Code     4  stm32f10x_dma.o(.text)
    DMA_GetCurrDataCounter                   0x08002745   Thumb Code     8  stm32f10x_dma.o(.text)
    DMA_GetFlagStatus                        0x0800274d   Thumb Code    40  stm32f10x_dma.o(.text)
    DMA_ClearFlag                            0x08002775   Thumb Code    18  stm32f10x_dma.o(.text)
    DMA_GetITStatus                          0x08002787   Thumb Code    40  stm32f10x_dma.o(.text)
    DMA_ClearITPendingBit                    0x080027af   Thumb Code    18  stm32f10x_dma.o(.text)
    EXTI_DeInit                              0x080027d5   Thumb Code    34  stm32f10x_exti.o(.text)
    EXTI_Init                                0x080027f7   Thumb Code   158  stm32f10x_exti.o(.text)
    EXTI_StructInit                          0x08002895   Thumb Code    22  stm32f10x_exti.o(.text)
    EXTI_GenerateSWInterrupt                 0x080028ab   Thumb Code    14  stm32f10x_exti.o(.text)
    EXTI_GetFlagStatus                       0x080028b9   Thumb Code    26  stm32f10x_exti.o(.text)
    EXTI_ClearFlag                           0x080028d3   Thumb Code     6  stm32f10x_exti.o(.text)
    EXTI_GetITStatus                         0x080028d9   Thumb Code    38  stm32f10x_exti.o(.text)
    EXTI_ClearITPendingBit                   0x080028ff   Thumb Code     6  stm32f10x_exti.o(.text)
    TIM_DeInit                               0x0800291d   Thumb Code   424  stm32f10x_tim.o(.text)
    TIM_TimeBaseInit                         0x08002ac5   Thumb Code   134  stm32f10x_tim.o(.text)
    TIM_OC1Init                              0x08002b4b   Thumb Code   168  stm32f10x_tim.o(.text)
    TIM_OC2Init                              0x08002bf3   Thumb Code   178  stm32f10x_tim.o(.text)
    TIM_OC3Init                              0x08002ca5   Thumb Code   240  stm32f10x_tim.o(.text)
    TIM_OC4Init                              0x08002d95   Thumb Code   126  stm32f10x_tim.o(.text)
    TIM_SetIC4Prescaler                      0x08002e13   Thumb Code    26  stm32f10x_tim.o(.text)
    TIM_SetIC3Prescaler                      0x08002eb7   Thumb Code    22  stm32f10x_tim.o(.text)
    TIM_SetIC2Prescaler                      0x08002f53   Thumb Code    26  stm32f10x_tim.o(.text)
    TIM_SetIC1Prescaler                      0x08002ff7   Thumb Code    22  stm32f10x_tim.o(.text)
    TIM_ICInit                               0x08003089   Thumb Code   150  stm32f10x_tim.o(.text)
    TIM_PWMIConfig                           0x0800311f   Thumb Code   136  stm32f10x_tim.o(.text)
    TIM_BDTRConfig                           0x080031a7   Thumb Code    66  stm32f10x_tim.o(.text)
    TIM_TimeBaseStructInit                   0x080031e9   Thumb Code    20  stm32f10x_tim.o(.text)
    TIM_OCStructInit                         0x080031fd   Thumb Code    22  stm32f10x_tim.o(.text)
    TIM_ICStructInit                         0x08003213   Thumb Code    24  stm32f10x_tim.o(.text)
    TIM_BDTRStructInit                       0x0800322b   Thumb Code    20  stm32f10x_tim.o(.text)
    TIM_Cmd                                  0x0800323f   Thumb Code    26  stm32f10x_tim.o(.text)
    TIM_CtrlPWMOutputs                       0x08003259   Thumb Code    30  stm32f10x_tim.o(.text)
    TIM_ITConfig                             0x08003277   Thumb Code    30  stm32f10x_tim.o(.text)
    TIM_GenerateEvent                        0x08003295   Thumb Code     4  stm32f10x_tim.o(.text)
    TIM_DMAConfig                            0x08003299   Thumb Code    10  stm32f10x_tim.o(.text)
    TIM_DMACmd                               0x080032a3   Thumb Code    30  stm32f10x_tim.o(.text)
    TIM_InternalClockConfig                  0x080032c1   Thumb Code    14  stm32f10x_tim.o(.text)
    TIM_SelectInputTrigger                   0x080032cf   Thumb Code    24  stm32f10x_tim.o(.text)
    TIM_ITRxExternalClockConfig              0x080032e7   Thumb Code    24  stm32f10x_tim.o(.text)
    TIM_TIxExternalClockConfig               0x080032ff   Thumb Code    62  stm32f10x_tim.o(.text)
    TIM_ETRConfig                            0x0800333d   Thumb Code    32  stm32f10x_tim.o(.text)
    TIM_ETRClockMode1Config                  0x0800335d   Thumb Code    60  stm32f10x_tim.o(.text)
    TIM_ETRClockMode2Config                  0x08003399   Thumb Code    32  stm32f10x_tim.o(.text)
    TIM_PrescalerConfig                      0x080033b9   Thumb Code     6  stm32f10x_tim.o(.text)
    TIM_CounterModeConfig                    0x080033bf   Thumb Code    24  stm32f10x_tim.o(.text)
    TIM_EncoderInterfaceConfig               0x080033d7   Thumb Code    78  stm32f10x_tim.o(.text)
    TIM_ForcedOC1Config                      0x08003425   Thumb Code    24  stm32f10x_tim.o(.text)
    TIM_ForcedOC2Config                      0x0800343d   Thumb Code    28  stm32f10x_tim.o(.text)
    TIM_ForcedOC3Config                      0x08003459   Thumb Code    24  stm32f10x_tim.o(.text)
    TIM_ForcedOC4Config                      0x08003471   Thumb Code    28  stm32f10x_tim.o(.text)
    TIM_ARRPreloadConfig                     0x0800348d   Thumb Code    26  stm32f10x_tim.o(.text)
    TIM_SelectCOM                            0x080034a7   Thumb Code    26  stm32f10x_tim.o(.text)
    TIM_SelectCCDMA                          0x080034c1   Thumb Code    26  stm32f10x_tim.o(.text)
    TIM_CCPreloadControl                     0x080034db   Thumb Code    26  stm32f10x_tim.o(.text)
    TIM_OC1PreloadConfig                     0x080034f5   Thumb Code    24  stm32f10x_tim.o(.text)
    TIM_OC2PreloadConfig                     0x0800350d   Thumb Code    28  stm32f10x_tim.o(.text)
    TIM_OC3PreloadConfig                     0x08003529   Thumb Code    24  stm32f10x_tim.o(.text)
    TIM_OC4PreloadConfig                     0x08003541   Thumb Code    28  stm32f10x_tim.o(.text)
    TIM_OC1FastConfig                        0x0800355d   Thumb Code    24  stm32f10x_tim.o(.text)
    TIM_OC2FastConfig                        0x08003575   Thumb Code    28  stm32f10x_tim.o(.text)
    TIM_OC3FastConfig                        0x08003591   Thumb Code    24  stm32f10x_tim.o(.text)
    TIM_OC4FastConfig                        0x080035a9   Thumb Code    28  stm32f10x_tim.o(.text)
    TIM_ClearOC1Ref                          0x080035c5   Thumb Code    24  stm32f10x_tim.o(.text)
    TIM_ClearOC2Ref                          0x080035dd   Thumb Code    24  stm32f10x_tim.o(.text)
    TIM_ClearOC3Ref                          0x080035f5   Thumb Code    24  stm32f10x_tim.o(.text)
    TIM_ClearOC4Ref                          0x0800360d   Thumb Code    24  stm32f10x_tim.o(.text)
    TIM_OC1PolarityConfig                    0x08003625   Thumb Code    24  stm32f10x_tim.o(.text)
    TIM_OC1NPolarityConfig                   0x0800363d   Thumb Code    24  stm32f10x_tim.o(.text)
    TIM_OC2PolarityConfig                    0x08003655   Thumb Code    28  stm32f10x_tim.o(.text)
    TIM_OC2NPolarityConfig                   0x08003671   Thumb Code    28  stm32f10x_tim.o(.text)
    TIM_OC3PolarityConfig                    0x0800368d   Thumb Code    28  stm32f10x_tim.o(.text)
    TIM_OC3NPolarityConfig                   0x080036a9   Thumb Code    28  stm32f10x_tim.o(.text)
    TIM_OC4PolarityConfig                    0x080036c5   Thumb Code    28  stm32f10x_tim.o(.text)
    TIM_CCxCmd                               0x080036e1   Thumb Code    46  stm32f10x_tim.o(.text)
    TIM_CCxNCmd                              0x0800370f   Thumb Code    46  stm32f10x_tim.o(.text)
    TIM_SelectOCxM                           0x0800373d   Thumb Code   100  stm32f10x_tim.o(.text)
    TIM_UpdateDisableConfig                  0x080037a1   Thumb Code    26  stm32f10x_tim.o(.text)
    TIM_UpdateRequestConfig                  0x080037bb   Thumb Code    26  stm32f10x_tim.o(.text)
    TIM_SelectHallSensor                     0x080037d5   Thumb Code    26  stm32f10x_tim.o(.text)
    TIM_SelectOnePulseMode                   0x080037ef   Thumb Code    22  stm32f10x_tim.o(.text)
    TIM_SelectOutputTrigger                  0x08003805   Thumb Code    22  stm32f10x_tim.o(.text)
    TIM_SelectSlaveMode                      0x0800381b   Thumb Code    22  stm32f10x_tim.o(.text)
    TIM_SelectMasterSlaveMode                0x08003831   Thumb Code    22  stm32f10x_tim.o(.text)
    TIM_SetCounter                           0x08003847   Thumb Code     4  stm32f10x_tim.o(.text)
    TIM_SetAutoreload                        0x0800384b   Thumb Code     4  stm32f10x_tim.o(.text)
    TIM_SetCompare1                          0x0800384f   Thumb Code     4  stm32f10x_tim.o(.text)
    TIM_SetCompare2                          0x08003853   Thumb Code     4  stm32f10x_tim.o(.text)
    TIM_SetCompare3                          0x08003857   Thumb Code     4  stm32f10x_tim.o(.text)
    TIM_SetCompare4                          0x0800385b   Thumb Code     6  stm32f10x_tim.o(.text)
    TIM_SetClockDivision                     0x08003861   Thumb Code    22  stm32f10x_tim.o(.text)
    TIM_GetCapture1                          0x08003877   Thumb Code     6  stm32f10x_tim.o(.text)
    TIM_GetCapture2                          0x0800387d   Thumb Code     6  stm32f10x_tim.o(.text)
    TIM_GetCapture3                          0x08003883   Thumb Code     6  stm32f10x_tim.o(.text)
    TIM_GetCapture4                          0x08003889   Thumb Code     8  stm32f10x_tim.o(.text)
    TIM_GetCounter                           0x08003891   Thumb Code     6  stm32f10x_tim.o(.text)
    TIM_GetPrescaler                         0x08003897   Thumb Code     6  stm32f10x_tim.o(.text)
    TIM_GetFlagStatus                        0x0800389d   Thumb Code    24  stm32f10x_tim.o(.text)
    TIM_ClearFlag                            0x080038b5   Thumb Code     8  stm32f10x_tim.o(.text)
    TIM_GetITStatus                          0x080038bd   Thumb Code    40  stm32f10x_tim.o(.text)
    TIM_ClearITPendingBit                    0x080038e5   Thumb Code     8  stm32f10x_tim.o(.text)
    SystemInit                               0x080039bd   Thumb Code    82  system_stm32f10x.o(.text)
    SystemCoreClockUpdate                    0x08003a0f   Thumb Code   154  system_stm32f10x.o(.text)
    __aeabi_uidiv                            0x08003acd   Thumb Code     0  uidiv.o(.text)
    __aeabi_uidivmod                         0x08003acd   Thumb Code    44  uidiv.o(.text)
    __aeabi_uldivmod                         0x08003af9   Thumb Code    98  uldiv.o(.text)
    __I$use$fp                               0x08003b5b   Thumb Code     0  iusefp.o(.text)
    __aeabi_dadd                             0x08003b5b   Thumb Code   320  dadd.o(.text)
    __aeabi_dsub                             0x08003c9b   Thumb Code     6  dadd.o(.text)
    __aeabi_drsub                            0x08003ca1   Thumb Code     6  dadd.o(.text)
    __aeabi_dmul                             0x08003ca7   Thumb Code   224  dmul.o(.text)
    __aeabi_ddiv                             0x08003d87   Thumb Code   222  ddiv.o(.text)
    __aeabi_d2ulz                            0x08003e65   Thumb Code    48  dfixul.o(.text)
    __aeabi_cdrcmple                         0x08003e95   Thumb Code    38  cdrcmple.o(.text)
    __scatterload                            0x08003ebd   Thumb Code    28  init.o(.text)
    __scatterload_rt2                        0x08003ebd   Thumb Code     0  init.o(.text)
    __aeabi_llsl                             0x08003ee1   Thumb Code    30  llshl.o(.text)
    _ll_shift_l                              0x08003ee1   Thumb Code     0  llshl.o(.text)
    __aeabi_llsr                             0x08003eff   Thumb Code    32  llushr.o(.text)
    _ll_ushift_r                             0x08003eff   Thumb Code     0  llushr.o(.text)
    __aeabi_lasr                             0x08003f1f   Thumb Code    36  llsshr.o(.text)
    _ll_sshift_r                             0x08003f1f   Thumb Code     0  llsshr.o(.text)
    _double_round                            0x08003f43   Thumb Code    26  depilogue.o(.text)
    _double_epilogue                         0x08003f5d   Thumb Code   164  depilogue.o(.text)
    __0vsprintf                              0x08004001   Thumb Code    28  printfa.o(i.__0vsprintf)
    __1vsprintf                              0x08004001   Thumb Code     0  printfa.o(i.__0vsprintf)
    __2vsprintf                              0x08004001   Thumb Code     0  printfa.o(i.__0vsprintf)
    __c89vsprintf                            0x08004001   Thumb Code     0  printfa.o(i.__0vsprintf)
    vsprintf                                 0x08004001   Thumb Code     0  printfa.o(i.__0vsprintf)
    __scatterload_copy                       0x08004021   Thumb Code    14  handlers.o(i.__scatterload_copy)
    __scatterload_null                       0x0800402f   Thumb Code     2  handlers.o(i.__scatterload_null)
    __scatterload_zeroinit                   0x08004031   Thumb Code    14  handlers.o(i.__scatterload_zeroinit)
    Region$$Table$$Base                      0x080048f8   Number         0  anon$$obj.o(Region$$Table)
    Region$$Table$$Limit                     0x08004918   Number         0  anon$$obj.o(Region$$Table)
    tread                                    0x20000000   Data           4  stm32f10x_it.o(.data)
    twrite                                   0x20000004   Data           4  stm32f10x_it.o(.data)
    msTmr                                    0x20000014   Data           4  systick.o(.data)
    u1_len                                   0x20000018   Data           4  usart.o(.data)
    rp                                       0x2000001c   Data           4  usart.o(.data)
    wp                                       0x20000020   Data           4  usart.o(.data)
    motorStr                                 0x20000024   Data         140  motor.o(.data)
    sys                                      0x200000b0   Data           4  iclean.o(.data)
    SystemCoreClock                          0x200000c8   Data           4  system_stm32f10x.o(.data)
    AHBPrescTable                            0x200000cc   Data          16  system_stm32f10x.o(.data)
    rxBuf                                    0x200000dc   Data        1024  usart.o(.bss)
    string                                   0x200004dc   Data         256  usart.o(.bss)
    rPid                                     0x200005e0   Data          72  pid.o(.bss)
    lPid                                     0x20000628   Data          72  pid.o(.bss)
    syst                                     0x20000670   Data          48  iclean.o(.bss)
    __initial_sp                             0x20000aa0   Data           0  startup_stm32f10x_hd.o(STACK)



==============================================================================

Memory Map of the image

  Image Entry point : 0x08000131

  Load Region LR_IROM1 (Base: 0x08000000, Size: 0x000049f4, Max: 0x00040000, ABSOLUTE)

    Execution Region ER_IROM1 (Base: 0x08000000, Size: 0x00004918, Max: 0x00040000, ABSOLUTE)

    Base Addr    Size         Type   Attr      Idx    E Section Name        Object

    0x08000000   0x00000130   Data   RO            3    RESET               startup_stm32f10x_hd.o
    0x08000130   0x00000000   Code   RO          448  * .ARM.Collect$$$$00000000  mc_w.l(entry.o)
    0x08000130   0x00000004   Code   RO          485    .ARM.Collect$$$$00000001  mc_w.l(entry2.o)
    0x08000134   0x00000004   Code   RO          488    .ARM.Collect$$$$00000004  mc_w.l(entry5.o)
    0x08000138   0x00000000   Code   RO          490    .ARM.Collect$$$$00000008  mc_w.l(entry7b.o)
    0x08000138   0x00000008   Code   RO          491    .ARM.Collect$$$$00000009  mc_w.l(entry8.o)
    0x08000140   0x00000004   Code   RO          486    .ARM.Collect$$$$00002712  mc_w.l(entry2.o)
    0x08000144   0x00000024   Code   RO            4    .text               startup_stm32f10x_hd.o
    0x08000168   0x000000d4   Code   RO           10    .text               main.o
    0x0800023c   0x000003f4   Code   RO           97    .text               stm32f10x_it.o
    0x08000630   0x0000013c   Code   RO          124    .text               systick.o
    0x0800076c   0x000001b8   Code   RO          149    .text               usart.o
    0x08000924   0x00000140   Code   RO          190    .text               bsp.o
    0x08000a64   0x00000628   Code   RO          203    .text               motor.o
    0x0800108c   0x0000023c   Code   RO          218    .text               pid.o
    0x080012c8   0x0000007c   Code   RO          236    .text               iclean.o
    0x08001344   0x00000414   Code   RO          295    .text               stm32f10x_rcc.o
    0x08001758   0x000003ac   Code   RO          309    .text               stm32f10x_gpio.o
    0x08001b04   0x000004a6   Code   RO          321    .text               stm32f10x_usart.o
    0x08001faa   0x00000002   PAD
    0x08001fac   0x00000100   Code   RO          333    .text               misc.o
    0x080020ac   0x000004d8   Code   RO          345    .text               stm32f10x_adc.o
    0x08002584   0x00000250   Code   RO          357    .text               stm32f10x_dma.o
    0x080027d4   0x00000148   Code   RO          369    .text               stm32f10x_exti.o
    0x0800291c   0x00000fd0   Code   RO          393    .text               stm32f10x_tim.o
    0x080038ec   0x000001e0   Code   RO          430    .text               system_stm32f10x.o
    0x08003acc   0x0000002c   Code   RO          495    .text               mc_w.l(uidiv.o)
    0x08003af8   0x00000062   Code   RO          497    .text               mc_w.l(uldiv.o)
    0x08003b5a   0x00000000   Code   RO          499    .text               mc_w.l(iusefp.o)
    0x08003b5a   0x0000014c   Code   RO          500    .text               mf_w.l(dadd.o)
    0x08003ca6   0x000000e0   Code   RO          502    .text               mf_w.l(dmul.o)
    0x08003d86   0x000000de   Code   RO          504    .text               mf_w.l(ddiv.o)
    0x08003e64   0x00000030   Code   RO          506    .text               mf_w.l(dfixul.o)
    0x08003e94   0x00000028   Code   RO          508    .text               mf_w.l(cdrcmple.o)
    0x08003ebc   0x00000024   Code   RO          510    .text               mc_w.l(init.o)
    0x08003ee0   0x0000001e   Code   RO          513    .text               mc_w.l(llshl.o)
    0x08003efe   0x00000020   Code   RO          515    .text               mc_w.l(llushr.o)
    0x08003f1e   0x00000024   Code   RO          517    .text               mc_w.l(llsshr.o)
    0x08003f42   0x000000be   Code   RO          520    .text               mf_w.l(depilogue.o)
    0x08004000   0x00000020   Code   RO          464    i.__0vsprintf       mc_w.l(printfa.o)
    0x08004020   0x0000000e   Code   RO          524    i.__scatterload_copy  mc_w.l(handlers.o)
    0x0800402e   0x00000002   Code   RO          525    i.__scatterload_null  mc_w.l(handlers.o)
    0x08004030   0x0000000e   Code   RO          526    i.__scatterload_zeroinit  mc_w.l(handlers.o)
    0x0800403e   0x00000002   PAD
    0x08004040   0x00000154   Code   RO          465    i._fp_digits        mc_w.l(printfa.o)
    0x08004194   0x00000704   Code   RO          466    i._printf_core      mc_w.l(printfa.o)
    0x08004898   0x00000026   Code   RO          467    i._printf_post_padding  mc_w.l(printfa.o)
    0x080048be   0x00000030   Code   RO          468    i._printf_pre_padding  mc_w.l(printfa.o)
    0x080048ee   0x0000000a   Code   RO          470    i._sputc            mc_w.l(printfa.o)
    0x080048f8   0x00000020   Data   RO          522    Region$$Table       anon$$obj.o


    Execution Region RW_IRAM (Base: 0x20000000, Size: 0x00000aa0, Max: 0x00005000, ABSOLUTE)

    Base Addr    Size         Type   Attr      Idx    E Section Name        Object

    0x20000000   0x00000014   Data   RW           99    .data               stm32f10x_it.o
    0x20000014   0x00000004   Data   RW          125    .data               systick.o
    0x20000018   0x0000000c   Data   RW          151    .data               usart.o
    0x20000024   0x0000008c   Data   RW          204    .data               motor.o
    0x200000b0   0x00000004   Data   RW          238    .data               iclean.o
    0x200000b4   0x00000014   Data   RW          296    .data               stm32f10x_rcc.o
    0x200000c8   0x00000014   Data   RW          431    .data               system_stm32f10x.o
    0x200000dc   0x00000500   Zero   RW          150    .bss                usart.o
    0x200005dc   0x00000004   PAD
    0x200005e0   0x00000090   Zero   RW          219    .bss                pid.o
    0x20000670   0x00000030   Zero   RW          237    .bss                iclean.o
    0x200006a0   0x00000400   Zero   RW            1    STACK               startup_stm32f10x_hd.o


==============================================================================

Image component sizes


      Code (inc. data)   RO Data    RW Data    ZI Data      Debug   Object Name

       320         10          0          0          0       1525   bsp.o
       124         14          0          4         48       1869   iclean.o
       212         56          0          0          0     273299   main.o
       256         30          0          0          0       1641   misc.o
      1576        144          0        140          0       3433   motor.o
       572        128          0          0        144       2267   pid.o
        36          8        304          0       1024        776   startup_stm32f10x_hd.o
      1240         28          0          0          0      10997   stm32f10x_adc.o
       592         20          0          0          0       4210   stm32f10x_dma.o
       328         24          0          0          0       2107   stm32f10x_exti.o
       940         46          0          0          0       5621   stm32f10x_gpio.o
      1012        112          0         20          0       3654   stm32f10x_it.o
      1044         52          0         20          0       8744   stm32f10x_rcc.o
      4048         86          0          0          0      22908   stm32f10x_tim.o
      1190         22          0          0          0       8344   stm32f10x_usart.o
       480         36          0         20          0       1635   system_stm32f10x.o
       316         20          0          4          0      16690   systick.o
       440         24          0         12       1280       2581   usart.o

    ----------------------------------------------------------------------
     14728        860        336        220       2500     372301   Object Totals
         0          0         32          0          0          0   (incl. Generated)
         2          0          0          0          4          0   (incl. Padding)

    ----------------------------------------------------------------------

      Code (inc. data)   RO Data    RW Data    ZI Data      Debug   Library Member Name

         0          0          0          0          0          0   entry.o
         8          4          0          0          0          0   entry2.o
         4          0          0          0          0          0   entry5.o
         0          0          0          0          0          0   entry7b.o
         8          4          0          0          0          0   entry8.o
        30          0          0          0          0          0   handlers.o
        36          8          0          0          0         68   init.o
         0          0          0          0          0          0   iusefp.o
        30          0          0          0          0         68   llshl.o
        36          0          0          0          0         68   llsshr.o
        32          0          0          0          0         68   llushr.o
      2264         82          0          0          0        508   printfa.o
        44          0          0          0          0         80   uidiv.o
        98          0          0          0          0         92   uldiv.o
        40          2          0          0          0         68   cdrcmple.o
       332          0          0          0          0        148   dadd.o
       222          0          0          0          0        100   ddiv.o
       190          0          0          0          0        176   depilogue.o
        48          0          0          0          0         68   dfixul.o
       224          0          0          0          0         96   dmul.o

    ----------------------------------------------------------------------
      3648        100          0          0          0       1608   Library Totals
         2          0          0          0          0          0   (incl. Padding)

    ----------------------------------------------------------------------

      Code (inc. data)   RO Data    RW Data    ZI Data      Debug   Library Name

      2590         98          0          0          0        952   mc_w.l
      1056          2          0          0          0        656   mf_w.l

    ----------------------------------------------------------------------
      3648        100          0          0          0       1608   Library Totals

    ----------------------------------------------------------------------

==============================================================================


      Code (inc. data)   RO Data    RW Data    ZI Data      Debug   

     18376        960        336        220       2500     370945   Grand Totals
     18376        960        336        220       2500     370945   ELF Image Totals
     18376        960        336        220          0          0   ROM Totals

==============================================================================

    Total RO  Size (Code + RO Data)                18712 (  18.27kB)
    Total RW  Size (RW Data + ZI Data)              2720 (   2.66kB)
    Total ROM Size (Code + RO Data + RW Data)      18932 (  18.49kB)

==============================================================================

